components/ui/calendar.tsx(57,9): error TS2353: Object literal may only specify known properties, and 'IconLeft' does not exist in type 'Partial<CustomComponents>'.
components/ui/resizable.tsx(11,51): error TS2339: Property 'PanelGroup' does not exist on type 'typeof import("F:/Trading Site/Feb 2026/Dtooltrades/node_modules/react-resizable-panels/dist/react-resizable-panels")'.
components/ui/resizable.tsx(12,23): error TS2339: Property 'PanelGroup' does not exist on type 'typeof import("F:/Trading Site/Feb 2026/Dtooltrades/node_modules/react-resizable-panels/dist/react-resizable-panels")'.
components/ui/resizable.tsx(27,51): error TS2339: Property 'PanelResizeHandle' does not exist on type 'typeof import("F:/Trading Site/Feb 2026/Dtooltrades/node_modules/react-resizable-panels/dist/react-resizable-panels")'.
components/ui/resizable.tsx(30,23): error TS2339: Property 'PanelResizeHandle' does not exist on type 'typeof import("F:/Trading Site/Feb 2026/Dtooltrades/node_modules/react-resizable-panels/dist/react-resizable-panels")'.
components/ui/resizable.tsx(42,24): error TS2339: Property 'PanelResizeHandle' does not exist on type 'typeof import("F:/Trading Site/Feb 2026/Dtooltrades/node_modules/react-resizable-panels/dist/react-resizable-panels")'.
lib/automated-trades-bots.ts(1,32): error TS7016: Could not find a declaration file for module '@deriv/deriv-api/dist/DerivAPIBasic'. 'F:/Trading Site/Feb 2026/Dtooltrades/node_modules/@deriv/deriv-api/dist/DerivAPIBasic.js' implicitly has an 'any' type.
  Try `npm i --save-dev @types/deriv__deriv-api` if it exists or add a new declaration (.d.ts) file containing `declare module '@deriv/deriv-api/dist/DerivAPIBasic';`
lib/trading/db.ts(2,22): error TS7016: Could not find a declaration file for module 'better-sqlite3'. 'F:/Trading Site/Feb 2026/Dtooltrades/node_modules/better-sqlite3/lib/index.js' implicitly has an 'any' type.
  Try `npm i --save-dev @types/better-sqlite3` if it exists or add a new declaration (.d.ts) file containing `declare module 'better-sqlite3';`
